../Core/Src/main.c:187:5:main	24	static
../Core/Src/main.c:266:6:SystemClock_Config	72	static
../Core/Src/main.c:305:13:MX_ADC1_Init	48	static
../Core/Src/main.c:371:13:MX_ADC2_Init	32	static
../Core/Src/main.c:437:13:MX_DAC1_Init	24	static
../Core/Src/main.c:477:13:MX_TIM2_Init	56	static
../Core/Src/main.c:539:13:MX_TIM6_Init	24	static
../Core/Src/main.c:577:13:MX_TIM15_Init	40	static
../Core/Src/main.c:623:13:MX_USART2_UART_Init	8	static
../Core/Src/main.c:656:13:MX_DMA_Init	16	static
../Core/Src/main.c:680:13:MX_GPIO_Init	40	static
../Core/Src/main.c:709:6:distortion_processBuffer	40	static
../Core/Src/main.c:751:6:directloopback_processBuffer	24	static
../Core/Src/main.c:822:6:tremolo_processBuffer	32	static
../Core/Src/main.c:915:6:new_bandpass	24	static
../Core/Src/main.c:937:9:apply_bandpass	24	static
../Core/Src/main.c:958:6:wahwah_processBuffer	32	static
../Core/Src/main.c:1013:6:HAL_ADC_ConvCpltCallback	16	static
../Core/Src/main.c:1063:5:calculate_capacity	24	static
../Core/Src/main.c:1075:6:HAL_TIM_IC_CaptureCallback	24	static
../Core/Src/main.c:1107:6:HAL_TIM_PeriodElapsedCallback	16	static
../Core/Src/main.c:1123:6:Error_Handler	4	static,ignoring_inline_asm
